                                      1 ;--------------------------------------------------------
                                      2 ; File Created by SDCC : free open source ISO C Compiler
                                      3 ; Version 4.6.0 #16555 (Linux)
                                      4 ;--------------------------------------------------------
                                      5 	.module main
                                      6 	
                                      7 ;--------------------------------------------------------
                                      8 ; Public variables in this module
                                      9 ;--------------------------------------------------------
                                     10 	.globl _main
                                     11 	.globl _set_bkg_palette
                                     12 	.globl _fill_bkg_rect
                                     13 	.globl _set_bkg_data
                                     14 	.globl _wait_vbl_done
                                     15 	.globl _solid_tile
                                     16 ;--------------------------------------------------------
                                     17 ; special function registers
                                     18 ;--------------------------------------------------------
                                     19 ;--------------------------------------------------------
                                     20 ; ram data
                                     21 ;--------------------------------------------------------
                                     22 	.area _DATA
                                     23 ;--------------------------------------------------------
                                     24 ; ram data
                                     25 ;--------------------------------------------------------
                                     26 	.area _INITIALIZED
                                     27 ;--------------------------------------------------------
                                     28 ; absolute ram data
                                     29 ;--------------------------------------------------------
                                     30 	.area _DABS (ABS)
                                     31 	.area _DABS (ABS)
                                     32 ;--------------------------------------------------------
                                     33 ; global & static initialisations
                                     34 ;--------------------------------------------------------
                                     35 	.area _HOME
                                     36 	.area _GSINIT
                                     37 	.area _GSFINAL
                                     38 	.area _GSINIT
                                     39 ;--------------------------------------------------------
                                     40 ; Home
                                     41 ;--------------------------------------------------------
                                     42 	.area _HOME
                                     43 	.area _HOME
                                     44 ;--------------------------------------------------------
                                     45 ; code
                                     46 ;--------------------------------------------------------
                                     47 	.area _CODE
                                     48 ;src/main.c:10: void main(void) {
                                     49 ;	---------------------------------
                                     50 ; Function main
                                     51 ; ---------------------------------
    00000000                         52 _main::
    00000000 E8 F8            [16]   53 	add	sp, #-8
                                     54 ;src/main.c:11: set_bkg_data(0, 1, solid_tile);
    00000002 11r62r00         [12]   55 	ld	de, #_solid_tile
    00000005 D5               [16]   56 	push	de
    00000006 AF               [ 4]   57 	xor	a, a
    00000007 3C               [ 4]   58 	inc	a
    00000008 F5               [16]   59 	push	af
    00000009 CDr00r00         [24]   60 	call	_set_bkg_data
    0000000C E8 04            [16]   61 	add	sp, #4
                                     62 ;src/main.c:12: fill_bkg_rect(0, 0, 20, 18, 0);
    0000000E AF               [ 4]   63 	xor	a, a
    0000000F 67               [ 4]   64 	ld	h, a
    00000010 2E 12            [ 8]   65 	ld	l, #0x12
    00000012 E5               [16]   66 	push	hl
    00000013 3E 14            [ 8]   67 	ld	a, #0x14
    00000015 F5               [16]   68 	push	af
    00000016 33               [ 8]   69 	inc	sp
    00000017 AF               [ 4]   70 	xor	a, a
    00000018 0F               [ 4]   71 	rrca
    00000019 F5               [16]   72 	push	af
    0000001A CDr00r00         [24]   73 	call	_fill_bkg_rect
    0000001D E8 05            [16]   74 	add	sp, #5
                                     75 ;src/main.c:14: palette_color_t pal[4] = {
    0000001F F8 00            [12]   76 	ldhl	sp,	#0
    00000021 3E E0            [ 8]   77 	ld	a, #0xe0
    00000023 22               [ 8]   78 	ld	(hl+), a
    00000024 36 7D            [12]   79 	ld	(hl), #0x7d
    00000026 21 02 00         [12]   80 	ld	hl, #2
    00000029 39               [ 8]   81 	add	hl, sp
    0000002A AF               [ 4]   82 	xor	a, a
    0000002B 22               [ 8]   83 	ld	(hl+), a
    0000002C 77               [ 8]   84 	ld	(hl), a
    0000002D 21 04 00         [12]   85 	ld	hl, #4
    00000030 39               [ 8]   86 	add	hl, sp
    00000031 4D               [ 4]   87 	ld	c, l
    00000032 44               [ 4]   88 	ld	b, h
    00000033 AF               [ 4]   89 	xor	a, a
    00000034 02               [ 8]   90 	ld	(bc), a
    00000035 03               [ 8]   91 	inc	bc
    00000036 02               [ 8]   92 	ld	(bc), a
    00000037 21 06 00         [12]   93 	ld	hl, #6
    0000003A 39               [ 8]   94 	add	hl, sp
    0000003B 4D               [ 4]   95 	ld	c, l
    0000003C 44               [ 4]   96 	ld	b, h
    0000003D AF               [ 4]   97 	xor	a, a
    0000003E 02               [ 8]   98 	ld	(bc), a
    0000003F 03               [ 8]   99 	inc	bc
    00000040 02               [ 8]  100 	ld	(bc), a
                                    101 ;src/main.c:20: set_bkg_palette(0, 1, pal);
    00000041 21 00 00         [12]  102 	ld	hl, #0
    00000044 39               [ 8]  103 	add	hl, sp
    00000045 E5               [16]  104 	push	hl
    00000046 AF               [ 4]  105 	xor	a, a
    00000047 3C               [ 4]  106 	inc	a
    00000048 F5               [16]  107 	push	af
    00000049 CDr00r00         [24]  108 	call	_set_bkg_palette
    0000004C E8 04            [16]  109 	add	sp, #4
                                    110 ;src/main.c:22: SHOW_BKG;
    0000004E F0r00            [12]  111 	ldh	a, (_LCDC_REG + 0)
    00000050 F6 01            [ 8]  112 	or	a, #0x01
    00000052 E0r00            [12]  113 	ldh	(_LCDC_REG + 0), a
                                    114 ;src/main.c:23: DISPLAY_ON;
    00000054 F0r00            [12]  115 	ldh	a, (_LCDC_REG + 0)
    00000056 F6 80            [ 8]  116 	or	a, #0x80
    00000058 E0r00            [12]  117 	ldh	(_LCDC_REG + 0), a
                                    118 ;src/main.c:25: while(1) {
    0000005A                        119 00102$:
                                    120 ;src/main.c:26: wait_vbl_done();
    0000005A CDr00r00         [24]  121 	call	_wait_vbl_done
    0000005D 18 FB            [12]  122 	jr	00102$
                                    123 ;src/main.c:28: }
    0000005F E8 08            [16]  124 	add	sp, #8
    00000061 C9               [16]  125 	ret
    00000062                        126 _solid_tile:
    00000062 FF                     127 	.db #0xff	; 255
    00000063 FF                     128 	.db #0xff	; 255
    00000064 FF                     129 	.db #0xff	; 255
    00000065 FF                     130 	.db #0xff	; 255
    00000066 FF                     131 	.db #0xff	; 255
    00000067 FF                     132 	.db #0xff	; 255
    00000068 FF                     133 	.db #0xff	; 255
    00000069 FF                     134 	.db #0xff	; 255
    0000006A FF                     135 	.db #0xff	; 255
    0000006B FF                     136 	.db #0xff	; 255
    0000006C FF                     137 	.db #0xff	; 255
    0000006D FF                     138 	.db #0xff	; 255
    0000006E FF                     139 	.db #0xff	; 255
    0000006F FF                     140 	.db #0xff	; 255
    00000070 FF                     141 	.db #0xff	; 255
    00000071 FF                     142 	.db #0xff	; 255
                                    143 	.area _CODE
                                    144 	.area _INITIALIZER
                                    145 	.area _CABS (ABS)
